[type_error(list,[_,_|a]),term_variables/2]
type_error(list,[_,_|a])
term_variables/2
