Error: uncaught exception... error(existence_error(procedure,(:)/2),:/)
