Error: uncaught exception... error(type_error(list,1),=../)
