[[1,3],[2,4]]
[[_2,3],[2,_2]]
[[_196,_197],[_208,_209]]
[[_196,_208],[_197,_209]]
