[trio(3,_7,_8),pair(2,_6)]
[pair(2,_6),trio(3,_7,_8)]
