1
Error: uncaught exception... error(type_error(atom,1))
