"5FECEB66FFC86F38D952786C6D696C79C2DBC239DD4E91B46729D73A27FB57E9"
